// Jest Snapshot v1, https://goo.gl/fbAQLP

exports[`A home page should be rendered correctly 1`] = `
<div>
  <div
    class="card"
  >
    <main>
      <h1
        style="color: orange; margin-bottom: 2rem; text-align: center; font-size: 2rem;"
      >
        Vamos come√ßar!
      </h1>
      <form>
        <div
          class="formGroup"
        >
          <input
            placeholder="Insira o nome dos participantes"
            type="text"
            value=""
          />
          <button
            disabled=""
            type="submit"
          >
            Adicionar
          </button>
        </div>
        
      </form>
      <ul
        style="display: flex; flex-direction: column; align-items: center; gap: 0.5rem;"
      />
      <section
        class="footer"
      >
        <button
          class="footer__button"
          disabled=""
        >
          Iniciar Brincadeira!
        </button>
        <img
          alt="sacolas"
          src="/images/sacolas.png"
        />
      </section>
    </main>
  </div>
</div>
`;
